C:\Users\benpe\ClashBot\pipeline\model_v3.py:92: UserWarning: enable_nested_tensor is True, but self.use_nested_tensor is False because encoder_layer.norm_first was True
  self.encoder = nn.TransformerEncoder(enc, layers)
{"e1_eval": "eval", "policy": "live", "port": 0, "tasks": 73, "already_done": 0, "grid": "lattice", "tau": 0.27, "noise_off": []}
[e1_eval] 1/73 000YLY2VQ92P k=0 loss 1-3 62.2s plays 10/10 wall 12.0s
[e1_eval] 2/73 00LYPLCVRCCV k=0 win 1-0 180.0s plays 34/34 wall 46.1s
[e1_eval] 3/73 02JY9G99CGPC k=0 loss 1-2 180.0s plays 34/34 wall 32.4s
[e1_eval] 4/73 02JY9GQYLVLV k=0 win 1-0 180.0s plays 34/34 wall 32.8s
[e1_eval] 5/73 02QY9Q9YY089 k=0 loss 2-3 175.8s plays 31/31 wall 22.0s
[e1_eval] 6/73 02YYPCRQ2QLY k=0 win 3-1 217.2s plays 44/44 wall 25.9s
[e1_eval] 7/73 02YYPUJ220L2 k=0 loss 1-2 180.0s plays 34/34 wall 20.2s
[e1_eval] 8/73 02YYPUV2GGCL k=0 loss 1-2 182.1s plays 35/36 wall 36.6s
[e1_eval] 9/73 080Y8QLUPRYR k=0 win 2-1 180.0s plays 34/34 wall 37.5s
[e1_eval] 10/73 099P9CVPLU0V k=0 win 1-0 180.0s plays 35/35 wall 43.5s
[e1_eval] 11/73 09LP9U9LLR2P k=0 loss 1-2 207.7s plays 41/41 wall 63.5s
[e1_eval] 12/73 18b06003f8394b0caf9d7467e2ab7cda k=0 win 1-0 180.0s plays 33/33 wall 25.8s
[e1_eval] 13/73 4341e84cef2446f0a6fc85a76bf5090d k=0 win 3-1 277.0s plays 60/60 wall 27.1s
[e1_eval] 14/73 494f23d587744726a24dc85bfceb1834 k=0 win 3-1 200.9s plays 40/40 wall 15.8s
[e1_eval] 15/73 844db3de7006445c98a93e6153105872 k=0 loss 1-2 189.5s plays 36/36 wall 14.1s
[e1_eval] 16/73 90ebd8e1802a4b87af2c8a54cc67b1e5 k=0 loss 0-1 180.0s plays 35/35 wall 13.5s
[e1_eval] 17/73 c75cc69c5ac84026a8dee5c2c2fc1e1a k=0 win 3-0 133.6s plays 21/21 wall 8.9s
{"DONE": {"new_matches": 17, "finished": "2026-09-23 13:16:08", "engine": "royale", "skipped_unsupported": 56, "wall_s_mean": 28.1, "win": 9, "draw": 0, "loss": 8}}
